<html>
<body>
<pre>
<h1>µVision Build Log</h1>
<h2>Tool Versions:</h2>
IDE-Version: ¦ÌVision V5.34.0.0
Copyright (C) 2021 ARM Ltd and ARM Germany GmbH. All rights reserved.
License Information: 1 2, 3, LIC=ZB4EI-TQ487-PCWJ8-3UHQT-EJBCV-G661M
 
Tool Versions:
Toolchain:       MDK-ARM Plus  Version: 5.34.0.0
Toolchain Path:  E:\KEIl\ARM\ARMCC\Bin
C Compiler:      Armcc.exe V5.06 update 7 (build 960)
Assembler:       Armasm.exe V5.06 update 7 (build 960)
Linker/Locator:  ArmLink.exe V5.06 update 7 (build 960)
Library Manager: ArmAr.exe V5.06 update 7 (build 960)
Hex Converter:   FromElf.exe V5.06 update 7 (build 960)
CPU DLL:         SARMCM3.DLL V5.34.0.0
Dialog DLL:      DCM.DLL V1.17.3.0
Target DLL:      STLink\ST-LINKIII-KEIL_SWO.dll V3.0.8.0
Dialog DLL:      TCM.DLL V1.48.0.0
 
<h2>Project:</h2>
E:\Github\OV_Watch_Self\MDK-ARM\OV_Watch_Self.uvprojx
Project File Date:  07/19/2025

<h2>Output:</h2>
*** Using Compiler 'V5.06 update 7 (build 960)', folder: 'E:\KEIl\ARM\ARMCC\Bin'
Build target 'OV_Watch_Self'
compiling ui_Homepage.c...
..\Middlewares\LVGL\GUI_APP\screens\ui_Homepage.c(34): warning:  #167-D: argument of type "uint8_t *" is incompatible with parameter of type "char *restrict"
      sprintf(timeStr, "%02d:%02d:%02d", GetTime.Hours, GetTime.Minutes, GetTime.Seconds);
..\Middlewares\LVGL\GUI_APP\screens\ui_Homepage.c(35): warning:  #167-D: argument of type "uint8_t *" is incompatible with parameter of type "const char *"
      lv_label_set_text(ui_Time,timeStr);
..\Middlewares\LVGL\GUI_APP\screens\ui_Homepage.c(37): warning:  #167-D: argument of type "uint8_t *" is incompatible with parameter of type "char *restrict"
      sprintf(dataStr, "20%02d/%02d/%02d", GetData.Year,GetData.Month, GetData.Date);
..\Middlewares\LVGL\GUI_APP\screens\ui_Homepage.c(38): warning:  #167-D: argument of type "uint8_t *" is incompatible with parameter of type "const char *"
      lv_label_set_text(ui_Label3,dataStr);
..\Middlewares\LVGL\GUI_APP\screens\ui_Homepage.c: 4 warnings, 0 errors
linking...
Program Size: Code=144076 RO-data=90368 RW-data=692 ZI-data=97956  
FromELF: creating hex file...
"OV_Watch_Self\OV_Watch_Self.axf" - 0 Error(s), 4 Warning(s).

<h2>Software Packages used:</h2>

Package Vendor: ARM
                http://www.keil.com/pack/ARM.CMSIS.5.7.0.pack
                ARM.CMSIS.5.7.0
                CMSIS (Cortex Microcontroller Software Interface Standard)
   * Component: CORE Version: 5.4.0

Package Vendor: Keil
                http://www.keil.com/pack/Keil.STM32F4xx_DFP.2.16.0.pack
                Keil.STM32F4xx_DFP.2.16.0
                STMicroelectronics STM32F4 Series Device Support, Drivers and Examples

<h2>Collection of Component include folders:</h2>
  .\RTE\_OV_Watch_Self
  E:\KEIl\ARM\CMSIS\5.7.0\CMSIS\Core\Include
  E:\KEIl\Keil\STM32F4xx_DFP\2.16.0\Drivers\CMSIS\Device\ST\STM32F4xx\Include

<h2>Collection of Component Files used:</h2>

   * Component: ARM::CMSIS:CORE:5.4.0
      Include file:  CMSIS\Core\Include\tz_context.h
Build Time Elapsed:  00:00:05
</pre>
</body>
</html>
